# Expected installed payload for the custodia-sdk package.
# Paths are relative to the extracted package root and must exist.
usr/share/custodia/sdk/clients/go/go.mod
usr/share/custodia/sdk/clients/go/pkg/client/client.go
usr/share/custodia/sdk/clients/go/pkg/client/doc.go
usr/share/custodia/sdk/clients/go/pkg/client/examples_test.go
usr/share/custodia/sdk/clients/go/internal/clientcrypto/metadata.go
usr/share/custodia/sdk/clients/python/README.md
usr/share/custodia/sdk/clients/python/pyproject.toml
usr/share/custodia/sdk/clients/python/custodia_client/__init__.py
usr/share/custodia/sdk/clients/python/examples/keyspace_transport.py
usr/share/custodia/sdk/clients/python/examples/high_level_crypto.py
usr/share/custodia/sdk/clients/python/tests/test_package_readiness.py
usr/share/custodia/sdk/clients/node/README.md
usr/share/custodia/sdk/clients/node/package.json
usr/share/custodia/sdk/clients/node/src/index.js
usr/share/custodia/sdk/clients/node/src/index.d.ts
usr/share/custodia/sdk/clients/node/src/crypto.js
usr/share/custodia/sdk/clients/node/examples/keyspace_transport.mjs
usr/share/custodia/sdk/clients/node/examples/high_level_crypto.mjs
usr/share/custodia/sdk/clients/node/test/package-readiness.test.js
usr/share/custodia/sdk/clients/java/pom.xml
usr/share/custodia/sdk/clients/java/README.md
usr/share/custodia/sdk/clients/java/src/main/java/dev/custodia/client/CustodiaClient.java
usr/share/custodia/sdk/clients/java/examples/KeyspaceTransportExample.java
usr/share/custodia/sdk/clients/java/examples/HighLevelCryptoExample.java
usr/share/custodia/sdk/clients/java/src/test/java/dev/custodia/client/CustodiaPackageReadinessTest.java
usr/share/custodia/sdk/clients/cpp/include/custodia/client.hpp
usr/share/custodia/sdk/clients/rust/Cargo.toml
usr/share/custodia/sdk/clients/rust/README.md
usr/share/custodia/sdk/clients/rust/src/lib.rs
usr/share/custodia/sdk/clients/rust/src/crypto.rs
usr/share/custodia/sdk/clients/rust/examples/keyspace_transport.rs
usr/share/custodia/sdk/clients/rust/examples/high_level_crypto.rs
usr/share/custodia/sdk/clients/rust/tests/client_test.rs
usr/share/custodia/sdk/clients/rust/tests/package_readiness_test.rs
usr/share/custodia/sdk/clients/rust/tests/vector_test.rs
usr/share/custodia/sdk/testdata/client-crypto/README.md
usr/share/custodia/sdk/testdata/client-crypto/manifest.json
usr/share/custodia/sdk/testdata/client-crypto/v1/aad_mismatch_fails.json
usr/share/custodia/sdk/testdata/client-crypto/v1/create_secret_multi_recipient.json
usr/share/custodia/sdk/testdata/client-crypto/v1/create_secret_single_recipient.json
usr/share/custodia/sdk/testdata/client-crypto/v1/read_secret_authorized_recipient.json
usr/share/custodia/sdk/testdata/client-crypto/v1/schema.json
usr/share/custodia/sdk/testdata/client-crypto/v1/share_secret_add_recipient.json
usr/share/custodia/sdk/testdata/client-crypto/v1/tamper_ciphertext_fails.json
usr/share/custodia/sdk/testdata/client-crypto/v1/unsupported_crypto_version_fails.json
usr/share/custodia/sdk/testdata/client-crypto/v1/wrong_recipient_fails.json
usr/share/doc/custodia-sdk/CLIENT_LIBRARIES.md
usr/share/doc/custodia-sdk/CLIENT_CRYPTO_SPEC.md
usr/share/doc/custodia-sdk/SDK_TEST_VECTORS.md
usr/share/doc/custodia-sdk/SDK_RELEASE_POLICY.md
usr/share/doc/custodia-sdk/SDK_PUBLISHING_READINESS.md
usr/share/custodia/sdk/clients/bash/custodia.bash
usr/share/custodia/sdk/clients/bash/README.md
