# Expected installed payload for the custodia-server package.
# Paths are relative to the extracted package root and must exist.
usr/bin/custodia-server
usr/bin/custodia-admin
usr/bin/custodia-signer
usr/sbin/custodia-sqlite-backup
usr/lib/systemd/system/custodia-server.service
usr/lib/systemd/system/custodia-signer.service
usr/share/man/man1/custodia-admin.1.gz
usr/share/man/man1/custodia-server.1.gz
usr/share/man/man1/custodia-signer.1.gz
usr/share/doc/custodia/README.md
usr/share/doc/custodia/QUICKSTART.md
usr/share/doc/custodia/DOCTOR.md
usr/share/doc/custodia/LITE_INSTALL.md
usr/share/doc/custodia/LITE_BACKUP_RESTORE.md
usr/share/doc/custodia/custodia-server.lite.yaml.example
usr/share/doc/custodia/custodia-server.full.yaml.example
usr/share/doc/custodia/custodia-signer.yaml.example
etc/custodia
var/lib/custodia
var/lib/custodia/backups
var/log/custodia
