# Expected installed payload for the custodia-clients package.
# Paths are relative to the extracted package root and must exist.
usr/bin/custodia-client
usr/share/man/man1/custodia-client.1.gz
usr/share/custodia/clients/go/go.mod
usr/share/custodia/clients/go/pkg/client/client.go
usr/share/custodia/clients/go/internal/clientcrypto/metadata.go
usr/share/custodia/clients/python/custodia_client/__init__.py
usr/share/custodia/clients/node/src/index.js
usr/share/custodia/clients/java/src/main/java/dev/custodia/client/CustodiaClient.java
usr/share/custodia/clients/cpp/include/custodia/client.hpp
usr/share/custodia/clients/rust/Cargo.toml
usr/share/custodia/testdata/client-crypto/v1/create_secret_single_recipient.json
usr/share/doc/custodia-clients/CLIENT_LIBRARIES.md
usr/share/doc/custodia-clients/CUSTODIA_CLIENT_CLI.md
