# Expected installed payload for the custodia-server package.
# Paths are relative to the extracted package root and must exist.
usr/bin/custodia-server
usr/bin/custodia-admin
usr/bin/custodia-signer
usr/lib/systemd/system/custodia-server.service
usr/lib/systemd/system/custodia-signer.service
usr/share/man/man1/custodia-admin.1.gz
usr/share/man/man1/custodia-server.1.gz
usr/share/man/man1/custodia-signer.1.gz
usr/share/custodia/examples/custodia-server.lite.yaml
usr/share/custodia/examples/custodia-server.full.yaml
usr/share/custodia/examples/custodia-signer.yaml
usr/share/custodia/examples/custodia-signer.service
usr/share/custodia/examples/checks/lite-upgrade-source.env.example
usr/share/custodia/examples/checks/lite-upgrade-target-full.env.example
usr/share/custodia/examples/checks/production-readiness.env.example
usr/share/doc/custodia-server/README.md
usr/share/doc/custodia-server/QUICKSTART.md
usr/share/doc/custodia-server/DOCTOR.md
usr/share/doc/custodia-server/LITE_INSTALL.md
etc/custodia
var/lib/custodia
var/log/custodia
